// Jest Snapshot v1, https://goo.gl/fbAQLP

exports[`Renders correctly 1`] = `
Array [
  <h2>
    Are you a math magician?
  </h2>,
  <p>
    Well! You might or might not be the one! But here you can do basic mathematical operations using a simple calculator.
  </p>,
  <p>
    This project is an educational web application made by React to learn and practice some key concepts such as the followings:
  </p>,
  <ul>
    <li>
      Create a basic react app
    </li>
    <li>
      Work with states and props
    </li>
    <li>
      Handle events
    </li>
    <li>
      Use router
    </li>
    <li>
      Styling in React projects
    </li>
  </ul>,
  <p>
    Use the navigation menu to explore the app. If you like the app, show your support by adding a star to the project onÂ 
    <a
      href="https://github.com/ahangarha/MV-MathMagicians/"
    >
      GitHub
    </a>
    .
  </p>,
]
`;
